../Drivers/CMSIS/Include/core_cm4.h:1938:34:__NVIC_SystemReset	4	static,ignoring_inline_asm
../Core/Src/main.c:169:5:main	8	static
../Core/Src/main.c:268:6:SystemClock_Config	88	static
../Core/Src/main.c:314:13:MX_ADC1_Init	24	static
../Core/Src/main.c:408:13:MX_CRC_Init	8	static
../Core/Src/main.c:431:13:MX_TIM2_Init	32	static
../Core/Src/main.c:473:13:MX_USART1_UART_Init	8	static
../Core/Src/main.c:503:13:MX_USART2_UART_Init	8	static
../Core/Src/main.c:536:13:MX_USART6_UART_Init	8	static
../Core/Src/main.c:564:13:MX_DMA_Init	16	static
../Core/Src/main.c:585:13:MX_GPIO_Init	48	static
../Core/Src/main.c:646:6:HAL_UART_RxCpltCallback	24	static
../Core/Src/main.c:686:6:HAL_UART_R9xCpltCallback	16	static
../Core/Src/main.c:692:6:HAL_TIM_PeriodElapsedCallback	24	static
../Core/Src/main.c:700:10:Get_Next_Empty_Address_7	16	static
../Core/Src/main.c:713:6:Antenna_Deploy	8	static
../Core/Src/main.c:721:6:Save_Housekeeping_Log	40	static
../Core/Src/main.c:740:6:Transmitt_Stored_HK	24	static
../Core/Src/main.c:759:6:HAL_ADC_ConvCpltCallback	16	static
../Core/Src/main.c:778:6:EraseFlash_6	32	static
../Core/Src/main.c:794:6:EraseFlash_7	32	static
../Core/Src/main.c:815:6:StartTelementrytask	16	static
../Core/Src/main.c:827:6:Starthousekeeping	200	static
../Core/Src/main.c:882:6:StartCommand_Execute	24	static
../Core/Src/main.c:959:6:Error_Handler	4	static
